// Jest Snapshot v1, https://goo.gl/fbAQLP

exports[`babel-plugin-react-native-style border test: border test 1`] = `
"
const styles = stylesheet.create({
          one: { border: 'solid #efe', borderLeft: '1 solid' },
          two: { borderLeft: '1pt solid' },
          three: { borderLeft: '1rpx solid rgba(51, 51, 51, 0.15)' },
        })

      ↓ ↓ ↓ ↓ ↓ ↓

var __RPX = require('babel-plugin-react-native-style-runtime').__RPX;

const styles = stylesheet.create({
          one: {
                    borderColor: '#efe',
                    borderStyle: 'solid',
                    borderWidth: __RPX(1, 750),
                    borderColor: 'black',
                    borderStyle: 'solid',
                    borderLeftWidth: __RPX(1, 750)
          },
          two: {
                    borderColor: 'black',
                    borderStyle: 'solid',
                    borderLeftWidth: __RPX(1, 750)
          },
          three: {
                    borderColor: 'rgba(51, 51, 51, 0.15)',
                    borderStyle: 'solid',
                    borderLeftWidth: __RPX(1, 750)
          }
});
"
`;
