// Jest Snapshot v1, https://goo.gl/fbAQLP

exports[`babel-plugin-react-native-style border radius test: border radius test 1`] = `
"
const styles = stylesheet.create({
          one: { borderRadius: '1 1pt 0 0' },
          two: { borderRadius: '1 1 0', },
          three: { borderRadius: '1rpx 0' }
        })

      ↓ ↓ ↓ ↓ ↓ ↓

var __RPX = require('babel-plugin-react-native-style-runtime').__RPX;

const styles = stylesheet.create({
          one: {
                    borderTopLeftRadius: __RPX(1, 750),
                    borderTopRightRadius: 1,
                    borderBottomRightRadius: __RPX(0, 750),
                    borderBottomLeftRadius: __RPX(0, 750)
          },
          two: {
                    borderTopLeftRadius: __RPX(1, 750),
                    borderTopRightRadius: __RPX(1, 750),
                    borderBottomRightRadius: __RPX(0, 750),
                    borderBottomLeftRadius: __RPX(1, 750)
          },
          three: {
                    borderTopLeftRadius: __RPX(1, 750),
                    borderTopRightRadius: __RPX(0, 750),
                    borderBottomRightRadius: __RPX(1, 750),
                    borderBottomLeftRadius: __RPX(0, 750)
          }
});
"
`;
